// 重构日志: e6e3b0e8
// 重构日志: e952d842
// 重构日志: 1b85a8e6
// 同步 ID: cb81f6aa @ Sat Jul 25 12:32:58 UTC 2026
// 同步 ID: 68a27952 @ Sun Jul 26 17:14:32 UTC 2026
// 重构日志: d0c2c73f
// 同步 ID: 91e155de @ Thu Jul 30 10:10:47 UTC 2026
// 重构日志: 7ff0d074
// 同步 ID: 75f94cb8 @ Sun Aug  2 09:55:25 UTC 2026
// 重构日志: 33ac045d
// 重构日志: 8cb2e059
// 重构日志: 41905a45
// 重构日志: 2e83c1cb
// 重构日志: 2cc0f47f
// 同步 ID: fe3f6d4d @ Thu Aug  6 00:35:45 UTC 2026
// 重构日志: 661dcba8
// 重构日志: 776b2037
// 重构日志: d3aad436
// 重构日志: 48815879
// 重构日志: c5b8d2e7
// 重构日志: 127ddc3e
// 重构日志: 06347296
// 重构日志: 5790e1b0
